// Jest Snapshot v1, https://goo.gl/fbAQLP

exports[`Should render Nav component 1`] = `
<DocumentFragment>
  <nav
    class="sc-bdfBwQ gMtDGM"
  >
    <ul>
      <li>
        <a
          href="/posts"
        >
          Posts
        </a>
      </li>
      <li>
        <a
          href="/about"
        >
          About
        </a>
      </li>
      <li>
        <a
          href="/pojects"
        >
          Projects
        </a>
      </li>
    </ul>
  </nav>
</DocumentFragment>
`;
