// Jest Snapshot v1, https://goo.gl/fbAQLP

exports[`Should view files viewer with files 1`] = `
<DocumentFragment>
  <div
    class="files-viewer"
  >
    <ul>
      <li
        class="file-view"
      >
        <div
          class="row  row_ai-c "
        >
          <div
            class="image-box"
          >
            <img
              alt="test.png"
              height="30px"
              src="http://localhost:3001/file/get/test.png"
              width="50px"
            />
          </div>
          <p
            class="file-view__name"
          >
            test.png
          </p>
        </div>
      </li>
      <li
        class="file-view"
      >
        <div
          class="row  row_ai-c "
        >
          <div
            class="image-box"
          >
            <img
              alt="test.png"
              height="30px"
              src="http://localhost:3001/file/get/test.png"
              width="50px"
            />
          </div>
          <p
            class="file-view__name"
          >
            test.png
          </p>
        </div>
      </li>
      <li
        class="file-view"
      >
        <div
          class="row  row_ai-c "
        >
          <div
            class="image-box"
          >
            <img
              alt="test.png"
              height="30px"
              src="http://localhost:3001/file/get/test.png"
              width="50px"
            />
          </div>
          <p
            class="file-view__name"
          >
            test.png
          </p>
        </div>
      </li>
    </ul>
  </div>
</DocumentFragment>
`;

exports[`Should view files viewer without files 1`] = `
<DocumentFragment>
  <div
    class="files-viewer"
  >
    <ul />
  </div>
</DocumentFragment>
`;
