// Jest Snapshot v1, https://goo.gl/fbAQLP

exports[`Should render footer comonent 1`] = `
<DocumentFragment>
  <footer
    class="footer"
  >
    <div
      class="socials"
    >
      <div
        class="row row_jc-c row_ai-c "
      />
    </div>
    <nav
      class="footer-nav"
    >
      <ul>
        <li>
          <a
            href="/home"
          >
            Home
          </a>
        </li>
        <li>
          <a
            href="/search"
          >
            Search
          </a>
        </li>
        <li>
          <a
            href="/about"
          >
            About
          </a>
        </li>
      </ul>
    </nav>
  </footer>
</DocumentFragment>
`;
