// Jest Snapshot v1, https://goo.gl/fbAQLP

exports[`Test labled input view 1`] = `
<DocumentFragment>
  <form>
    <div
      class="form__box row-reverse"
    >
      <input
        name="test"
        type="text"
        value=""
      />
      <label
        for="test"
      >
        TEST
      </label>
    </div>
  </form>
</DocumentFragment>
`;
