// Jest Snapshot v1, https://goo.gl/fbAQLP

exports[`Should render Titlebar 1`] = `
<DocumentFragment>
  <div
    class="sc-dlfnbm gSaEMk"
  >
    <div
      class="sc-hKgILt dfsasS"
    >
      <button
        class="sc-bdfBwQ hUrxdp"
      >
        <div
          class="sc-gsTCUz kbJdGI"
          height="20"
          width="20"
        >
          <svg>
            close.svg
          </svg>
        </div>
      </button>
    </div>
    <p>
      title
    </p>
    <div
      class="sc-hKgILt dfsasS"
    />
  </div>
</DocumentFragment>
`;
