// Jest Snapshot v1, https://goo.gl/fbAQLP

exports[`Test nav render 1`] = `
<DocumentFragment>
  <nav
    class="nav"
  >
    <div
      class="column column_jc-c"
    >
      <div
        class="user-short-info column column_ai-c"
      >
        <div
          class="round-box"
        >
          <img
            alt="Test firstname-Test lastname"
            height="65"
            src="default.png"
            width="65"
          />
        </div>
        <p>
          Test firstname Test lastname
        </p>
      </div>
      <a
        href="/admin/profile"
      >
        <img
          alt="profile"
          src="profile.svg"
        />
        <span>
          Profile
        </span>
      </a>
      <a
        href="/admin/posts"
      >
        <img
          alt="posts"
          src="posts.svg"
        />
        <span>
          Posts
        </span>
      </a>
      <a
        href="/admin/projects"
      >
        <img
          alt="projects"
          src="posts.svg"
        />
        <span>
          Projects
        </span>
      </a>
      <a
        href="/admin/settings"
      >
        <img
          alt="settings"
          src="settings.svg"
        />
        <span>
          Settings
        </span>
      </a>
    </div>
  </nav>
</DocumentFragment>
`;
