// Jest Snapshot v1, https://goo.gl/fbAQLP

exports[`Test view of project form Should return view of project form 1`] = `
<DocumentFragment>
  <form
    class="project-form"
  >
    <div
      class="container"
    >
      <div
        class="row   "
      >
        <div
          class="drop-zone "
        >
          <img
            alt="empty"
            class="empty"
            src="picture.svg"
          />
          <input
            type="file"
          />
        </div>
        <div
          class="project-form__box"
        >
          <div
            class="form__box row-reverse"
          >
            <input
              name="title"
              type="text"
              value=""
            />
            <label
              for="title"
            >
              Title
            </label>
          </div>
          <textarea
            class="textarea"
            name="description"
            placeholder="Description"
          />
        </div>
      </div>
      <div
        class="row   "
      >
        <div
          class="form__box row-reverse"
        >
          <input
            name="githubLink"
            type="text"
            value=""
          />
          <label
            for="githubLink"
          >
            Github
          </label>
        </div>
        <div
          class="form__box row-reverse"
        >
          <input
            name="projectLink"
            type="text"
            value=""
          />
          <label
            for="projectLink"
          >
            Project
          </label>
        </div>
      </div>
      <button
        class="button default-button primary-button"
      >
        Save
      </button>
    </div>
  </form>
</DocumentFragment>
`;
