// Jest Snapshot v1, https://goo.gl/fbAQLP

exports[`test view of social links components 1`] = `
<DocumentFragment>
  <div
    class="social-links"
  >
    <div
      class="column   "
    >
      <div
        class="row row_jc-sb row_ai-c "
      >
        <h3
          class="social-links__title"
        >
          Socials
        </h3>
        <div
          class="row row_jc-fe  "
        >
          <div
            class="loader "
          >
            <img
              alt="loading..."
              height="30"
              src="loader.svg"
              width="30"
            />
          </div>
          <button
            class="button default-button labeled-button"
          >
            <div
              class="row   "
            >
              <p>
                <span />
                <span />
              </p>
              <p>
                Add
              </p>
            </div>
          </button>
        </div>
      </div>
    </div>
  </div>
</DocumentFragment>
`;
