// Jest Snapshot v1, https://goo.gl/fbAQLP

exports[`Test for profile form view Should have values from inital state 1`] = `
<DocumentFragment>
  <form
    class="profile-form"
  >
    <h2>
      Account info
    </h2>
    <div
      class="row row_jc-sb row_ai-c "
    >
      <div
        class="drop-zone "
      >
        <img
          alt="empty"
          class="empty"
          src="picture.svg"
        />
        <input
          type="file"
        />
      </div>
      <div
        class="hint-box"
      >
        <p>
          Drag image and drop in this box or click on this box
        </p>
      </div>
    </div>
    <div
      class="row row_jc-sb row_ai-c "
    >
      <div
        class="form__box row-reverse"
      >
        <input
          name="firstName"
          type="text"
          value=""
        />
        <label
          for="firstName"
        >
          First Name
        </label>
      </div>
      <div
        class="form__box row-reverse"
      >
        <input
          name="lastName"
          type="text"
          value=""
        />
        <label
          for="lastName"
        >
          Last Name
        </label>
      </div>
      <div
        class="hint-box"
      >
        <p>
          Write your real first name and last name
        </p>
      </div>
    </div>
    <div
      class="row row_jc-sb row_ai-c "
    >
      <div
        class="form__box row-reverse"
      >
        <input
          name="username"
          type="text"
          value=""
        />
        <label
          for="username"
        >
          Username
        </label>
      </div>
      <div
        class="form__box row-reverse"
      >
        <input
          name="email"
          type="text"
          value=""
        />
        <label
          for="email"
        >
          Email
        </label>
      </div>
      <div
        class="hint-box"
      >
        <p>
          Write your real email namd and unique username
        </p>
      </div>
    </div>
    <h2>
      Profile info
    </h2>
    <div
      class="row row_jc-sb row_ai-c "
    >
      <textarea
        class="textarea"
        name="bio"
        placeholder="Bio"
      />
      <div
        class="hint-box"
      >
        <p>
          Write about your developer path, projects etc. 
        </p>
      </div>
    </div>
    <div
      class="skills"
    >
      <div
        class="row row_jc-sb row_ai-c "
      >
        <div
          class="form__box row-reverse"
        >
          <input
            name="skills"
            type="text"
            value=""
          />
          <label
            for="skills"
          >
            Skills
          </label>
        </div>
        <div
          class="hint-box"
        >
          <p>
            Write the skills that you own, separated by commas
          </p>
        </div>
      </div>
    </div>
    <div
      class="row row_jc-fs  "
    >
      <button
        class="button send-button"
      >
        Apply
      </button>
      <img
        alt="loading..."
        class="loader "
        height="30"
        src="loader.svg"
        width="30"
      />
    </div>
  </form>
</DocumentFragment>
`;
