// Jest Snapshot v1, https://goo.gl/fbAQLP

exports[`Test labeled button view 1`] = `
<DocumentFragment>
  <button
    class="button default-button labeled-button"
  >
    <div
      class="row   "
    >
      <p>
        <span />
        <span />
      </p>
      <p>
        test
      </p>
    </div>
  </button>
</DocumentFragment>
`;
