// Jest Snapshot v1, https://goo.gl/fbAQLP

exports[`Test view image location form Should view form 1`] = `
<DocumentFragment>
  <form
    class="image-loader-form"
  >
    <div
      class="column column_ai-c"
    >
      <h1
        class="image-loader-title"
      >
        Images
      </h1>
      <div
        class="drop-zone "
      >
        <img
          alt="empty"
          class="empty"
          src="picture.svg"
        />
        <input
          type="file"
        />
      </div>
      <button
        class="button send-button"
      >
        Ok
      </button>
    </div>
  </form>
</DocumentFragment>
`;
