// Jest Snapshot v1, https://goo.gl/fbAQLP

exports[`Should render titled box 1`] = `
<DocumentFragment>
  <div
    class="titled-box"
  >
    <div
      class="column   "
    >
      <h1
        class="titled-box__title"
      >
        Test
      </h1>
      <div
        class="container"
      >
        <div
          class="row row_jc-c row_ai-fs row_w-w"
        >
          <div
            class="item"
          />
          <div
            class="item"
          />
          <div
            class="item"
          />
        </div>
      </div>
    </div>
  </div>
</DocumentFragment>
`;
