// Jest Snapshot v1, https://goo.gl/fbAQLP

exports[`Should render MenuBar 1`] = `
<DocumentFragment>
  <div
    class="sc-gsTCUz icOZRy"
  >
    <div
      class="sc-dlfnbm IvnZy"
    >
      <a
        href="/"
      >
        <div
          class="sc-bdfBwQ jzjInw"
        >
          <svg>
            apple.svg
          </svg>
        </div>
      </a>
    </div>
    <nav
      class="sc-hKgILt hjUXII"
    >
      <a
        href="#"
      >
        Item1
      </a>
      <a
        href="#"
      >
        Item1
      </a>
      <a
        href="#"
      >
        Item1
      </a>
    </nav>
  </div>
</DocumentFragment>
`;
